                                                                                                    
 Usage: cli [OPTIONS] COMMAND [ARGS]...                                                             
                                                                                                    
 My amazing tool does all the things.                                                               
 This is a minimal example based on documentation from the 'click' package.                         
 You can try using --help at the top level and also for specific subcommands.                       
                                                                                                    
╭─ Options ────────────────────────────────────────────────────────────────────────────────────────╮
│ --debug/--no-debug  -d/-n    Enable debug mode. Newlines are removed by default.                 │
│                              Double newlines are preserved.                                      │
│ --help                       Show this message and exit.                                         │
╰──────────────────────────────────────────────────────────────────────────────────────────────────╯
╭─ Commands ───────────────────────────────────────────────────────────────────────────────────────╮
│ download  Optionally use short-help for the group help text                                      │
│ sync      Synchronise all your files between two places. Example command that doesn't do much    │
│           except print to the terminal.                                                          │
╰──────────────────────────────────────────────────────────────────────────────────────────────────╯
