                                                                                                    
 Usage: cli [OPTIONS]                                                                               
                                                                                                    
 My amazing tool does  all the things .                                                             
 This is a minimal example based on documentation from the ]8;id=0;foo\'click' package]8;;\.                         
 You can try using --help at the top level and also for specific group subcommands.                 
                                                                                                    
â•­â”€ Options â”€â”€â”€â”€â”€â”€â”€â”€â”€â”€â”€â”€â”€â”€â”€â”€â”€â”€â”€â”€â”€â”€â”€â”€â”€â”€â”€â”€â”€â”€â”€â”€â”€â”€â”€â”€â”€â”€â”€â”€â”€â”€â”€â”€â”€â”€â”€â”€â”€â”€â”€â”€â”€â”€â”€â”€â”€â”€â”€â”€â”€â”€â”€â”€â”€â”€â”€â”€â”€â”€â”€â”€â”€â”€â”€â”€â”€â”€â”€â”€â”€â”€â”€â”€â”€â”€â”€â”€â•®
â”‚ --input    PATH  Input file. [default: a custom default]                                         â”‚
â”‚ --type     TEXT  Type of file to sync [default: files]                                           â”‚
â”‚ --all            Sync all the things?                                                            â”‚
â”‚ --debug          Enable ðŸ‘‰ debug mode ðŸ‘ˆ                                                         â”‚
â”‚ --help           Show this message and exit.                                                     â”‚
â•°â”€â”€â”€â”€â”€â”€â”€â”€â”€â”€â”€â”€â”€â”€â”€â”€â”€â”€â”€â”€â”€â”€â”€â”€â”€â”€â”€â”€â”€â”€â”€â”€â”€â”€â”€â”€â”€â”€â”€â”€â”€â”€â”€â”€â”€â”€â”€â”€â”€â”€â”€â”€â”€â”€â”€â”€â”€â”€â”€â”€â”€â”€â”€â”€â”€â”€â”€â”€â”€â”€â”€â”€â”€â”€â”€â”€â”€â”€â”€â”€â”€â”€â”€â”€â”€â”€â”€â”€â”€â”€â”€â”€â”€â”€â”€â”€â”€â”€â•¯
