                                                                                                    
 Usage: cli [OPTIONS]                                                                               
                                                                                                    
 My amazing tool does all the things.                                                               
 This is a minimal example based on documentation from the 'click' package.                         
 You can try using --help at the top level and also for specific group subcommands.                 
                                                                                                    
╭─ Options ────────────────────────────────────────────────────────────────────────────────────────╮
│ --debug                                               Enable debug mode.                         │
│ --number    [one|two|three|four|five|six|seven|eight  This click choice has loads of options.    │
│             |nine|ten|eleven|twelve|thirteen|fourtee                                             │
│             n|fifteen|sixteen|seventeen|eighteen|nin                                             │
│             eteen|twenty|twenty-one|twenty-two|twent                                             │
│             y-three|twenty-four|twenty-five|twenty-s                                             │
│             ix|twenty-seven|twenty-eight|twenty-nine                                             │
│             |thirty]                                                                             │
│ --help                                                Show this message and exit.                │
╰──────────────────────────────────────────────────────────────────────────────────────────────────╯
