                                                                                                    
 Usage: cli [OPTIONS] INPUT                                                                         
                                                                                                    
 My amazing tool does all the things.                                                               
 This is a minimal example based on documentation from the 'click' package.                         
 You can try using --help at the top level and also for specific group subcommands.                 
                                                                                                    
╭─ Arguments ──────────────────────────────────────────────────────────────────────────────────────╮
│ *  INPUT    PATH  [required]                                                                     │
╰──────────────────────────────────────────────────────────────────────────────────────────────────╯
╭─ Options ────────────────────────────────────────────────────────────────────────────────────────╮
│ --type     TEXT  Type of file to sync [default: files]                                           │
│ --all            Sync all the things?                                                            │
│ --debug          Enable debug mode                                                               │
│ --help           Show this message and exit.                                                     │
╰──────────────────────────────────────────────────────────────────────────────────────────────────╯
