                                                                                                    
 Usage: cli [OPTIONS] COMMAND [ARGS]...                                                             
                                                                                                    
 My amazing tool does all the things.                                                               
 This is a minimal example based on documentation from the 'click' package.                         
 You can try using --help at the top level and also for specific group subcommands.                 
                                                                                                    
╭─ Options ────────────────────────────────────────────────────────────────────────────────────────╮
│ --debug/--no-debug                                                                               │
│ --help                  Show this message and exit.                                              │
╰──────────────────────────────────────────────────────────────────────────────────────────────────╯
╭─ Commands ───────────────────────────────────────────────────────────────────────────────────────╮
│ sync       Synchronise all your files between two places.                                        │
╰──────────────────────────────────────────────────────────────────────────────────────────────────╯
